mysql> CREATE DATABASE dana;
Query OK, 1 row affected (0.00 sec)

mysql> CREATE DATABASE dana;
ERROR 1007 (HY000): Can't create database 'dana'; database exists

mysql> CREATE DATABASE IF NOT EXIST dana;
ERROR 1064 (42000): You have an error in your SQL syntax; check the manual that corresponds to your MariaDB server version for the right syntax to use near 'EXIST dana' at line 1

mysql> CREATE DATABASE IF NOT EXISTS dana;
Query OK, 0 rows affected, 1 warning (0.00 sec)

mysql> DROP DATABASE dana;
Query OK, 0 rows affected (0.03 sec)

mysql> DROP DATABASE dana;
ERROR 1008 (HY000): Can't drop database 'dana'; database doesn't exist

mysql> DROP DATABASE IF EXISTS dana;
Query OK, 0 rows affected, 1 warning (0.00 sec)